Type	Enabled	Priority	Quantity	DemandIndex	StartDay	Duration	Overlap	SRC	SourceFirst	DemandGroup	Vignette	Operation	Category	Title10_32	OITitle	Strength
DemandRecord	TRUE	1	6	1	1209	8	45	19473K000	Uniform	SE-99	SE-99	PH I	Rotational	10	MP CO CBT SPT	163
DemandRecord	TRUE	1	4	1	1217	8	45	19473K000	Uniform	SE-99	SE-99	PH I	Rotational	10	MP CO CBT SPT	163
DemandRecord	TRUE	1	7	1	1225	8	45	19473K000	Uniform	SE-99	SE-99	PH I	Rotational	10	MP CO CBT SPT	163
DemandRecord	TRUE	1	7	1	1233	8	45	19473K000	Uniform	SE-99	SE-99	PH IIa	Rotational	10	MP CO CBT SPT	163
DemandRecord	TRUE	1	6	1	1241	24	45	19473K000	Uniform	SE-99	SE-99	PH IIa	Rotational	10	MP CO CBT SPT	163
DemandRecord	TRUE	1	6	1	1265	16	45	19473K000	Uniform	SE-99	SE-99	PH IIb	Rotational	10	MP CO CBT SPT	163
